2026-09-14 06:58:25.394: [INFO] CurrentProfilePath: C:\Users\liuyu\Desktop\WorkPlace\serialhub\target-qa\release\serialhub.exe.WebView2\EBWebView\Default
2026-09-14 06:58:25.394: [INFO] Profiles total count: 1
2026-09-14 06:58:25.394: [INFO] Profile: name=用户配置 1 path=C:\Users\liuyu\Desktop\WorkPlace\serialhub\target-qa\release\serialhub.exe.WebView2\EBWebView\Default lastActive=null
2026-09-14 06:58:25.394: [INFO] LastUsedProfileDir: C:\Users\liuyu\Desktop\WorkPlace\serialhub\target-qa\release\serialhub.exe.WebView2\EBWebView\Default
2026-09-14 06:58:25.394: [INFO] OnDoneLoading sync enabled: 0
2026-09-14 06:58:25.394: [INFO] BookmarkModelLoaded, ids_reassigned: 0
2026-09-14 06:58:25.394: [INFO] BookmarksLoadDropped droppedNodes=0
2026-09-14 06:58:25.394: [INFO] BookmarksSnapshot Startup total=0 bar=0 other=0 mobile=0 showBar=0 showBarNTP=1
2026-09-14 06:59:34.090: [INFO] CurrentProfilePath: C:\Users\liuyu\Desktop\WorkPlace\serialhub\target-qa\release\serialhub.exe.WebView2\EBWebView\Default
2026-09-14 06:59:34.090: [INFO] Profiles total count: 1
2026-09-14 06:59:34.090: [INFO] Profile: name=用户配置 1 path=C:\Users\liuyu\Desktop\WorkPlace\serialhub\target-qa\release\serialhub.exe.WebView2\EBWebView\Default lastActive=null
2026-09-14 06:59:34.090: [INFO] LastUsedProfileDir: C:\Users\liuyu\Desktop\WorkPlace\serialhub\target-qa\release\serialhub.exe.WebView2\EBWebView\Default
2026-09-14 06:59:34.090: [INFO] OnDoneLoading sync enabled: 0
2026-09-14 06:59:34.090: [INFO] BookmarkModelLoaded, ids_reassigned: 0
2026-09-14 06:59:34.090: [INFO] BookmarksLoadDropped droppedNodes=0
2026-09-14 06:59:34.090: [INFO] BookmarksSnapshot Startup total=0 bar=0 other=0 mobile=0 showBar=0 showBarNTP=1
2026-09-14 07:03:12.359: [INFO] CurrentProfilePath: C:\Users\liuyu\Desktop\WorkPlace\serialhub\target-qa\release\serialhub.exe.WebView2\EBWebView\Default
2026-09-14 07:03:12.359: [INFO] Profiles total count: 1
2026-09-14 07:03:12.359: [INFO] Profile: name=用户配置 1 path=C:\Users\liuyu\Desktop\WorkPlace\serialhub\target-qa\release\serialhub.exe.WebView2\EBWebView\Default lastActive=null
2026-09-14 07:03:12.359: [INFO] LastUsedProfileDir: C:\Users\liuyu\Desktop\WorkPlace\serialhub\target-qa\release\serialhub.exe.WebView2\EBWebView\Default
2026-09-14 07:03:12.359: [INFO] OnDoneLoading sync enabled: 0
2026-09-14 07:03:12.359: [INFO] BookmarkModelLoaded, ids_reassigned: 0
2026-09-14 07:03:12.359: [INFO] BookmarksLoadDropped droppedNodes=0
2026-09-14 07:03:12.359: [INFO] BookmarksSnapshot Startup total=0 bar=0 other=0 mobile=0 showBar=0 showBarNTP=1
2026-09-14 07:06:33.371: [INFO] CurrentProfilePath: C:\Users\liuyu\Desktop\WorkPlace\serialhub\target-qa\release\serialhub.exe.WebView2\EBWebView\Default
2026-09-14 07:06:33.371: [INFO] Profiles total count: 1
2026-09-14 07:06:33.371: [INFO] Profile: name=用户配置 1 path=C:\Users\liuyu\Desktop\WorkPlace\serialhub\target-qa\release\serialhub.exe.WebView2\EBWebView\Default lastActive=null
2026-09-14 07:06:33.371: [INFO] LastUsedProfileDir: C:\Users\liuyu\Desktop\WorkPlace\serialhub\target-qa\release\serialhub.exe.WebView2\EBWebView\Default
2026-09-14 07:06:33.371: [INFO] OnDoneLoading sync enabled: 0
2026-09-14 07:06:33.371: [INFO] BookmarkModelLoaded, ids_reassigned: 0
2026-09-14 07:06:33.371: [INFO] BookmarksLoadDropped droppedNodes=0
2026-09-14 07:06:33.371: [INFO] BookmarksSnapshot Startup total=0 bar=0 other=0 mobile=0 showBar=0 showBarNTP=1
2026-09-14 07:18:13.658: [INFO] CurrentProfilePath: C:\Users\liuyu\Desktop\WorkPlace\serialhub\target-qa\release\serialhub.exe.WebView2\EBWebView\Default
2026-09-14 07:18:13.658: [INFO] Profiles total count: 1
2026-09-14 07:18:13.658: [INFO] Profile: name=用户配置 1 path=C:\Users\liuyu\Desktop\WorkPlace\serialhub\target-qa\release\serialhub.exe.WebView2\EBWebView\Default lastActive=null
2026-09-14 07:18:13.658: [INFO] LastUsedProfileDir: C:\Users\liuyu\Desktop\WorkPlace\serialhub\target-qa\release\serialhub.exe.WebView2\EBWebView\Default
2026-09-14 07:18:13.658: [INFO] OnDoneLoading sync enabled: 0
2026-09-14 07:18:13.658: [INFO] BookmarkModelLoaded, ids_reassigned: 0
2026-09-14 07:18:13.658: [INFO] BookmarksLoadDropped droppedNodes=0
2026-09-14 07:18:13.658: [INFO] BookmarksSnapshot Startup total=0 bar=0 other=0 mobile=0 showBar=0 showBarNTP=1
2026-09-14 07:39:05.334: [INFO] BookmarksSnapshot Shutdown total=0 bar=0 other=0 mobile=0 showBar=0 showBarNTP=1
2026-09-14 07:40:54.630: [INFO] CurrentProfilePath: C:\Users\liuyu\Desktop\WorkPlace\serialhub\target-qa\release\serialhub.exe.WebView2\EBWebView\Default
2026-09-14 07:40:54.630: [INFO] Profiles total count: 1
2026-09-14 07:40:54.630: [INFO] Profile: name=用户配置 1 path=C:\Users\liuyu\Desktop\WorkPlace\serialhub\target-qa\release\serialhub.exe.WebView2\EBWebView\Default lastActive=2026-09-14T07:38:59.653Z
2026-09-14 07:40:54.630: [INFO] LastUsedProfileDir: C:\Users\liuyu\Desktop\WorkPlace\serialhub\target-qa\release\serialhub.exe.WebView2\EBWebView\Default
2026-09-14 07:40:54.630: [INFO] MostRecentlyActiveProfile: name=用户配置 1 path=C:\Users\liuyu\Desktop\WorkPlace\serialhub\target-qa\release\serialhub.exe.WebView2\EBWebView\Default lastActive=2026-09-14T07:38:59.653Z
2026-09-14 07:40:54.630: [INFO] OnDoneLoading sync enabled: 0
2026-09-14 07:40:54.630: [INFO] BookmarkModelLoaded, ids_reassigned: 0
2026-09-14 07:40:54.630: [INFO] BookmarksLoadDropped droppedNodes=0
2026-09-14 07:40:54.630: [INFO] BookmarksSnapshot Startup total=0 bar=0 other=0 mobile=0 showBar=0 showBarNTP=1
2026-09-14 07:45:08.080: [INFO] BookmarksSnapshot Shutdown total=0 bar=0 other=0 mobile=0 showBar=0 showBarNTP=1
2026-09-14 07:45:31.691: [INFO] CurrentProfilePath: C:\Users\liuyu\Desktop\WorkPlace\serialhub\target-qa\release\serialhub.exe.WebView2\EBWebView\Default
2026-09-14 07:45:31.691: [INFO] Profiles total count: 1
2026-09-14 07:45:31.691: [INFO] Profile: name=用户配置 1 path=C:\Users\liuyu\Desktop\WorkPlace\serialhub\target-qa\release\serialhub.exe.WebView2\EBWebView\Default lastActive=2026-09-14T07:44:49.155Z
2026-09-14 07:45:31.691: [INFO] LastUsedProfileDir: C:\Users\liuyu\Desktop\WorkPlace\serialhub\target-qa\release\serialhub.exe.WebView2\EBWebView\Default
2026-09-14 07:45:31.691: [INFO] MostRecentlyActiveProfile: name=用户配置 1 path=C:\Users\liuyu\Desktop\WorkPlace\serialhub\target-qa\release\serialhub.exe.WebView2\EBWebView\Default lastActive=2026-09-14T07:44:49.155Z
2026-09-14 07:45:31.691: [INFO] OnDoneLoading sync enabled: 0
2026-09-14 07:45:31.691: [INFO] BookmarkModelLoaded, ids_reassigned: 0
2026-09-14 07:45:31.691: [INFO] BookmarksLoadDropped droppedNodes=0
2026-09-14 07:45:31.691: [INFO] BookmarksSnapshot Startup total=0 bar=0 other=0 mobile=0 showBar=0 showBarNTP=1
2026-09-14 07:46:20.497: [INFO] BookmarksSnapshot Shutdown total=0 bar=0 other=0 mobile=0 showBar=0 showBarNTP=1
2026-09-14 07:46:38.070: [INFO] CurrentProfilePath: C:\Users\liuyu\Desktop\WorkPlace\serialhub\target-qa\release\serialhub.exe.WebView2\EBWebView\Default
2026-09-14 07:46:38.070: [INFO] Profiles total count: 1
2026-09-14 07:46:38.070: [INFO] Profile: name=用户配置 1 path=C:\Users\liuyu\Desktop\WorkPlace\serialhub\target-qa\release\serialhub.exe.WebView2\EBWebView\Default lastActive=2026-09-14T07:46:19.109Z
2026-09-14 07:46:38.070: [INFO] LastUsedProfileDir: C:\Users\liuyu\Desktop\WorkPlace\serialhub\target-qa\release\serialhub.exe.WebView2\EBWebView\Default
2026-09-14 07:46:38.070: [INFO] MostRecentlyActiveProfile: name=用户配置 1 path=C:\Users\liuyu\Desktop\WorkPlace\serialhub\target-qa\release\serialhub.exe.WebView2\EBWebView\Default lastActive=2026-09-14T07:46:19.109Z
2026-09-14 07:46:38.070: [INFO] OnDoneLoading sync enabled: 0
2026-09-14 07:46:38.070: [INFO] BookmarkModelLoaded, ids_reassigned: 0
2026-09-14 07:46:38.070: [INFO] BookmarksLoadDropped droppedNodes=0
2026-09-14 07:46:38.070: [INFO] BookmarksSnapshot Startup total=0 bar=0 other=0 mobile=0 showBar=0 showBarNTP=1
2026-09-14 07:47:50.087: [INFO] BookmarksSnapshot Shutdown total=0 bar=0 other=0 mobile=0 showBar=0 showBarNTP=1
